../Drivers/CMSIS/Include/core_cm4.h:1688:22:__NVIC_EnableIRQ	16	static
../Drivers/CMSIS/Include/core_cm4.h:1816:22:__NVIC_SetPriority	16	static
../Core/Src/main.c:28:6:EXTI0_IRQHandler	4	static
../Core/Src/main.c:35:6:EXTI2_IRQHandler	4	static
../Core/Src/main.c:42:6:init_GPIO	4	static
../Core/Src/main.c:63:6:init_EXTI	8	static
../Core/Src/main.c:99:6:delay	24	static,ignoring_inline_asm
../Core/Src/main.c:105:5:main	8	static
../Core/Src/main.c:140:6:SystemClock_Config	88	static
../Core/Src/main.c:185:6:Error_Handler	4	static,ignoring_inline_asm
